........................................................................ [  9%]
....................sssssss............................................. [ 19%]
........................................................................ [ 29%]
F..ss...................................................sssss........... [ 39%]
........................................................................ [ 48%]
.................................sF.F......F............................ [ 58%]
............................................sssss..............ss....... [ 68%]
........................................................................ [ 78%]
........................................................................ [ 87%]
......................................F.sss............................. [ 97%]
python3 : Traceback (most recent call last):
At line:1 char:116
+ ... PATH="src"; python3 -c "import pytest; pytest.main(['--tb=short', '-q ...
+                 ~~~~~~~~~~~~~~~~~~~~~~~~~~~~~~~~~~~~~~~~~~~~~~~~~~~~~~~~~
    + CategoryInfo          : NotSpecified: (Traceback (most recent call last)::String) [], RemoteException
    + FullyQualifiedErrorId : NativeCommandError
 
  File "<string>", line 1, in <module>
    import pytest; pytest.main(['--tb=short', '-q'])
                   ~~~~~~~~~~~^^^^^^^^^^^^^^^^^^^^^^
  File "C:\Users\benja\AppData\Local\Python\pythoncore-3.14-64\Lib\site-packages\_pytest\config\__init__.py", line 
201, in main
    return _main(args=args, plugins=plugins, prog="pytest.main()")
  File "C:\Users\benja\AppData\Local\Python\pythoncore-3.14-64\Lib\site-packages\_pytest\config\__init__.py", line 
229, in _main
    ret: ExitCode | int = config.hook.pytest_cmdline_main(config=config)
                          ~~~~~~~~~~~~~~~~~~~~~~~~~~~~~~~^^^^^^^^^^^^^^^
  File "C:\Users\benja\AppData\Local\Python\pythoncore-3.14-64\Lib\site-packages\pluggy\_hooks.py", line 512, in 
__call__
    return self._hookexec(self.name, self._hookimpls.copy(), kwargs, firstresult)
           ~~~~~~~~~~~~~~^^^^^^^^^^^^^^^^^^^^^^^^^^^^^^^^^^^^^^^^^^^^^^^^^^^^^^^^
  File "C:\Users\benja\AppData\Local\Python\pythoncore-3.14-64\Lib\site-packages\pluggy\_manager.py", line 120, in 
_hookexec
    return self._inner_hookexec(hook_name, methods, kwargs, firstresult)
           ~~~~~~~~~~~~~~~~~~~~^^^^^^^^^^^^^^^^^^^^^^^^^^^^^^^^^^^^^^^^^
  File "C:\Users\benja\AppData\Local\Python\pythoncore-3.14-64\Lib\site-packages\pluggy\_callers.py", line 167, in 
_multicall
    raise exception
  File "C:\Users\benja\AppData\Local\Python\pythoncore-3.14-64\Lib\site-packages\pluggy\_callers.py", line 121, in 
_multicall
    res = hook_impl.function(*args)
  File "C:\Users\benja\AppData\Local\Python\pythoncore-3.14-64\Lib\site-packages\_pytest\main.py", line 377, in 
pytest_cmdline_main
    return wrap_session(config, _main)
  File "C:\Users\benja\AppData\Local\Python\pythoncore-3.14-64\Lib\site-packages\_pytest\main.py", line 365, in 
wrap_session
    config.hook.pytest_sessionfinish(
    ~~~~~~~~~~~~~~~~~~~~~~~~~~~~~~~~^
        session=session, exitstatus=session.exitstatus
        ^^^^^^^^^^^^^^^^^^^^^^^^^^^^^^^^^^^^^^^^^^^^^^
    )
    ^
  File "C:\Users\benja\AppData\Local\Python\pythoncore-3.14-64\Lib\site-packages\pluggy\_hooks.py", line 512, in 
__call__
    return self._hookexec(self.name, self._hookimpls.copy(), kwargs, firstresult)
           ~~~~~~~~~~~~~~^^^^^^^^^^^^^^^^^^^^^^^^^^^^^^^^^^^^^^^^^^^^^^^^^^^^^^^^
  File "C:\Users\benja\AppData\Local\Python\pythoncore-3.14-64\Lib\site-packages\pluggy\_manager.py", line 120, in 
_hookexec
    return self._inner_hookexec(hook_name, methods, kwargs, firstresult)
           ~~~~~~~~~~~~~~~~~~~~^^^^^^^^^^^^^^^^^^^^^^^^^^^^^^^^^^^^^^^^^
  File "C:\Users\benja\AppData\Local\Python\pythoncore-3.14-64\Lib\site-packages\pluggy\_callers.py", line 167, in 
_multicall
    raise exception
  File "C:\Users\benja\AppData\Local\Python\pythoncore-3.14-64\Lib\site-packages\pluggy\_callers.py", line 139, in 
_multicall
    teardown.throw(exception)
    ~~~~~~~~~~~~~~^^^^^^^^^^^
  File "C:\Users\benja\AppData\Local\Python\pythoncore-3.14-64\Lib\site-packages\_pytest\logging.py", line 888, in 
pytest_sessionfinish
    return (yield)
            ^^^^^
  File "C:\Users\benja\AppData\Local\Python\pythoncore-3.14-64\Lib\site-packages\pluggy\_callers.py", line 139, in 
_multicall
    teardown.throw(exception)
    ~~~~~~~~~~~~~~^^^^^^^^^^^
  File "C:\Users\benja\AppData\Local\Python\pythoncore-3.14-64\Lib\site-packages\_pytest\terminal.py", line 961, in 
pytest_sessionfinish
    result = yield
             ^^^^^
  File "C:\Users\benja\AppData\Local\Python\pythoncore-3.14-64\Lib\site-packages\pluggy\_callers.py", line 139, in 
_multicall
    teardown.throw(exception)
    ~~~~~~~~~~~~~~^^^^^^^^^^^
  File "C:\Users\benja\AppData\Local\Python\pythoncore-3.14-64\Lib\site-packages\_pytest\warnings.py", line 119, in 
pytest_sessionfinish
    return (yield)
            ^^^^^
  File "C:\Users\benja\AppData\Local\Python\pythoncore-3.14-64\Lib\site-packages\pluggy\_callers.py", line 121, in 
_multicall
    res = hook_impl.function(*args)
  File "C:\Users\benja\AppData\Local\Python\pythoncore-3.14-64\Lib\site-packages\_pytest\tmpdir.py", line 340, in 
pytest_sessionfinish
    tmp_path_factory._exit_stack.close()
    ~~~~~~~~~~~~~~~~~~~~~~~~~~~~~~~~~~^^
  File "C:\Users\benja\AppData\Local\Python\pythoncore-3.14-64\Lib\contextlib.py", line 627, in close
    self.__exit__(None, None, None)
    ~~~~~~~~~~~~~^^^^^^^^^^^^^^^^^^
  File "C:\Users\benja\AppData\Local\Python\pythoncore-3.14-64\Lib\contextlib.py", line 619, in __exit__
    raise exc
  File "C:\Users\benja\AppData\Local\Python\pythoncore-3.14-64\Lib\contextlib.py", line 604, in __exit__
    if cb(*exc_details):
       ~~^^^^^^^^^^^^^^
  File "C:\Users\benja\AppData\Local\Python\pythoncore-3.14-64\Lib\contextlib.py", line 482, in _exit_wrapper
    callback(*args, **kwds)
    ~~~~~~~~^^^^^^^^^^^^^^^
  File "C:\Users\benja\AppData\Local\Python\pythoncore-3.14-64\Lib\site-packages\_pytest\pathlib.py", line 371, in 
cleanup_numbered_dir
    cleanup_dead_symlinks(root)
    ~~~~~~~~~~~~~~~~~~~~~^^^^^^
  File "C:\Users\benja\AppData\Local\Python\pythoncore-3.14-64\Lib\site-packages\_pytest\pathlib.py", line 357, in 
cleanup_dead_symlinks
    left_dir.unlink()
    ~~~~~~~~~~~~~~~^^
  File "C:\Users\benja\AppData\Local\Python\pythoncore-3.14-64\Lib\pathlib\__init__.py", line 1042, in unlink
    os.unlink(self)
    ~~~~~~~~~^^^^^^
PermissionError: [WinError 5] Access is denied: 
'C:\\Users\\benja\\AppData\\Local\\Temp\\pytest-of-benja\\pytest-current'
..............ssss                                                       [100%]
